../Core/Src/stm32f1xx_hal_msp.c:65:6:HAL_MspInit	24	static
../Core/Src/stm32f1xx_hal_msp.c:91:6:HAL_ADC_MspInit	40	static
../Core/Src/stm32f1xx_hal_msp.c:123:6:HAL_ADC_MspDeInit	16	static
../Core/Src/stm32f1xx_hal_msp.c:151:6:HAL_RTC_MspInit	24	static
../Core/Src/stm32f1xx_hal_msp.c:179:6:HAL_RTC_MspDeInit	16	static
../Core/Src/stm32f1xx_hal_msp.c:204:6:HAL_TIM_Base_MspInit	24	static
../Core/Src/stm32f1xx_hal_msp.c:231:6:HAL_TIM_MspPostInit	40	static
../Core/Src/stm32f1xx_hal_msp.c:261:6:HAL_TIM_Base_MspDeInit	16	static
../Core/Src/stm32f1xx_hal_msp.c:290:13:HAL_FSMC_MspInit	32	static
../Core/Src/stm32f1xx_hal_msp.c:344:6:HAL_SRAM_MspInit	16	static
../Core/Src/stm32f1xx_hal_msp.c:356:13:HAL_FSMC_MspDeInit	8	static
../Core/Src/stm32f1xx_hal_msp.c:402:6:HAL_SRAM_MspDeInit	16	static
